<?xml version="1.0"?>
<testsuite name="Cucumber" time="24.812" tests="2" skipped="0" failures="0" errors="0">
  <testcase classname="to test home page functionality2" name="To test home page" time="7.785">
    <system-out><![CDATA[Given User is on home page..................................................passed
When User enter login details...............................................passed
And Home page should be displayed...........................................passed
And Upon logout.............................................................passed
Then Logout should be successful............................................passed]]></system-out>
  </testcase>
  <testcase classname="to test home page functionality" name="To test home page" time="7.806">
    <system-out><![CDATA[Given User is on home page..................................................passed
When User enter login details...............................................passed
And Home page should be displayed...........................................passed
And Upon logout.............................................................passed
Then Logout should be successful............................................passed
And This is a dummy step to fail............................................passed]]></system-out>
  </testcase>
</testsuite>